// Jest Snapshot v1, https://goo.gl/fbAQLP

exports[`Project Module Component should match snapshot 1`] = `
<CashFlowGraph
  accum_actual_cashflow={
    Object {
      "1": 10,
      "2": -20,
      "3": 20,
      "4": 70,
    }
  }
  accum_projected_cashflow={
    Object {
      "1": 10,
      "2": -5,
      "3": 55,
      "4": 140,
    }
  }
  actual_cashflow={
    Object {
      "1": 10,
      "2": -30,
      "3": 40,
      "4": 50,
    }
  }
  fetchProjects={[MockFunction]}
  height={200}
  projected_cashflow={
    Object {
      "1": 10,
      "2": -15,
      "3": 60,
      "4": 80,
    }
  }
  width={300}
>
  <div
    className="cashflow-graph"
  >
    <div
      id="cash-graph"
    >
      <div
        className="title-wrapper"
      >
        <h3
          className="text-hidden"
        >
          cashflow
        </h3>
      </div>
    </div>
  </div>
</CashFlowGraph>
`;
