// Jest Snapshot v1, https://goo.gl/fbAQLP

exports[`Project Form Component should render without throwing an error 1`] = `
<form
  className="form-box p-form-box"
  onSubmit={[Function]}
>
  <input
    className="main-input project-title-input"
    onChange={[Function]}
    placeholder="#| project name"
    type="text"
    value=""
  />
  <div
    className="flexed"
  >
    <input
      className="main-input lat-input"
      onChange={[Function]}
      placeholder="#| lat"
      step="any"
      type="number"
      value=""
    />
    <input
      className="main-input long-input"
      onChange={[Function]}
      placeholder="#| long"
      step="any"
      type="number"
      value=""
    />
    <DivWithCorners>
      <span
        className="text"
      >
        Drop Pin
      </span>
    </DivWithCorners>
  </div>
  <div
    className="flexed"
  >
    <input
      className="main-input inputfile"
      id="json-file"
      onChange={[Function]}
      type="file"
    />
    <label
      htmlFor="json-file"
    >
       #| choose json
    </label>
    <input
      id="current-quarter"
      onChange={[Function]}
      type="number"
    />
    <label
      htmlFor="current-quarter"
    >
       current qtr
    </label>
    <DivWithCorners>
      <span
        className="text"
      >
        <CashFlowModal
          cashflowData=""
          quarter=""
          updateCashflow={[Function]}
        />
      </span>
    </DivWithCorners>
  </div>
  <div
    className="rates-box"
  >
    <div
      className="discounts-box"
    >
      discount rate
      <div
        className="amount-box"
      >
        0.50
      </div>
    </div>
    <div
      className="cap-row"
    >
      <span>
        valuation
      </span>
      <div
        className="style2"
      >
        $830,000
      </div>
      <div
        className="style2"
      >
        $130,000
      </div>
      <span>
        capital 
        <br />
          required
      </span>
    </div>
    <div
      className="coins"
    >
      <div
        className="style2"
      >
        10,000
      </div>
      coins to be issued
    </div>
  </div>
  <div
    className="flexed"
  >
    <input
      className="main-input inputfile"
      id="pdf-file"
      onChange={[Function]}
      type="file"
    />
    <label
      htmlFor="pdf-file"
    >
      #|choose pdf
    </label>
    <DivWithCorners>
      <span
        className="text"
      >
        plan
      </span>
    </DivWithCorners>
  </div>
  <div
    className="flexed"
  >
    <input
      className="main-input inputfile"
      id="model-file"
      onChange={[Function]}
      type="file"
    />
    <label
      htmlFor="model-file"
    >
      #|model id
    </label>
    <DivWithCorners>
      <a
        className="text"
        href="https://poly.google.com"
        rel="noopener noreferrer"
        target="_blank"
      >
        Poly Model
      </a>
    </DivWithCorners>
  </div>
  <textarea
    className="description-area"
    onChange={[Function]}
    value=""
  />
  <input
    type="submit"
    value="Pitch"
  />
  <div
    className="blue-close-modal-button close-modal-button"
  >
    Ã—
  </div>
</form>
`;
