// Jest Snapshot v1, https://goo.gl/fbAQLP

exports[`Project Graph Test should match snapshot 1`] = `
<div
  className="graph-container"
>
  <div
    className="series content graph"
    id="project"
  >
    <div
      id="graph"
    />
  </div>
</div>
`;
