// Jest Snapshot v1, https://goo.gl/fbAQLP

exports[`ProjectDashboard Component should render without throwing an error 1`] = `
<div
  className="graph-container"
>
  <ProjectGraph
    chart="loading"
    closeModal={[Function]}
    currentUser={
      Object {
        "email": "matsteele@gmail.com",
        "password": "password",
      }
    }
    fetchProjects={
      [MockFunction] {
        "calls": Array [
          Array [],
          Array [],
          Array [],
        ],
        "results": Array [
          Object {
            "isThrow": false,
            "value": Promise {},
          },
          Object {
            "isThrow": false,
            "value": Promise {},
          },
          Object {
            "isThrow": false,
            "value": Promise {},
          },
        ],
      }
    }
    openModal={[Function]}
  />
  <Modal
    ariaHideApp={true}
    bodyOpenClassName="ReactModal__Body--open"
    className="modal-container"
    closeTimeoutMS={0}
    contentLabel="Project Graph Modal"
    isOpen={false}
    onRequestClose={[Function]}
    parentSelector={[Function]}
    portalClassName="ReactModalPortal"
    shouldCloseOnEsc={true}
    shouldCloseOnOverlayClick={true}
    shouldFocusAfterRender={true}
    shouldReturnFocusAfterClose={true}
    style={
      Object {
        "content": Object {
          "borderRadius": "10px",
          "bottom": "5%",
          "color": "white",
          "height": "80%",
          "left": "10%",
          "padding": "0px",
          "position": "fixed",
          "right": "5%",
          "top": "5%",
          "width": "80%",
          "zIndex": 101,
        },
        "overlay": Object {
          "backgroundColor": "rgba(255, 255, 255, 0.75)",
          "bottom": 0,
          "left": 0,
          "position": "fixed",
          "right": 0,
          "top": 0,
          "zIndex": 10,
        },
      }
    }
  >
    <div
      className="black-close-modal-button close-modal-button"
      onClick={[Function]}
    >
      Ã—
    </div>
    <h1
      className="nodata-text"
    >
      No data available
    </h1>
  </Modal>
</div>
`;
